// Jest Snapshot v1, https://goo.gl/fbAQLP

exports[`ContactUs tests renders correctly 1`] = `
<div>
  <div
    class="container"
  >
    <article
      class="article"
    >
      <h1>
        Contact Us
      </h1>
      <br />
      <p>
        <b>
          For customer service: 
        </b>
        <br />
        <br />
        <span>
          please email products@www.com or call 1-888-888-8888.
        </span>
      </p>
      <br />
      <p>
        <b>
          For subscription issues: 
        </b>
        <br />
        <br />
        <span>
          please email ducts@www.com.
        </span>
      </p>
      <br />
      <p>
        <b>
          For advertising-related queries: 
        </b>
        <br />
        <br />
        <span>
          please email prs@www.com.
        </span>
      </p>
      <br />
      <br />
      <br />
      <br />
      <br />
      <br />
      <br />
      <br />
      <br />
      <br />
      <br />
      <br />
      <br />
      <br />
      <br />
      <br />
      <br />
      <br />
      <br />
      <br />
    </article>
  </div>
</div>
`;
