// Jest Snapshot v1, https://goo.gl/fbAQLP

exports[`renders the home component correctly 1`] = `
<div>
  <div
    class="container"
  >
    <h1
      class="title"
    >
      DIY Your Dream Life
    </h1>
    <a
      href="/diylist"
    >
      <img
        alt="diy home"
        sizes=" (max-width: 320px) 200px, (max-width: 500px) 400px, (max-width: 900px) 800px, 600px "
        src="diyhome.jpeg"
        srcset="diyhome200.jpg 200w, diyhome400.jpg 400w, diyhome800.jpg 800w"
      />
    </a>
  </div>
</div>
`;
